---------------------------------------------------------------------------------------------------------------------------------------
      name:  <unnamed>
       log:  C:\Users\Lenovo\Desktop\Dissertation\data\non-financial companies\logit_output.log
  log type:  text
 opened on:   4 May 2025, 16:52:25

. 
. 
. 
. import excel "C:\Users\Lenovo\Desktop\Dissertation\data\non-financial companies\data for logit regression.xlsx",sheet("Sheet1") first
> row
(45 vars, 264,988 obs)

. 
. 
. 
. egen Company_ID = group(CompanyName)

. 
. 
. 
. gen NumberofBanks2 = (NumberofBanks * NumberofBanks)

. 
. 
. 
. gen bankint = (HighBankingrel * Primary_Borrowing_from_banks)

. 
. 
. 
. xtset Company_ID Year
       panel variable:  Company_ID (unbalanced)
        time variable:  Year, 2002 to 2023, but with gaps
                delta:  1 unit

. 
. 
. 
. xtlogit Zombie Primary_Borrowing_from_banks Primary_Equity i.Year, re

Fitting comparison model:

Iteration 0:   log likelihood = -47090.823  
Iteration 1:   log likelihood = -45919.299  
Iteration 2:   log likelihood = -45407.034  
Iteration 3:   log likelihood = -45403.107  
Iteration 4:   log likelihood = -45403.102  
Iteration 5:   log likelihood = -45403.102  

Fitting full model:

tau =  0.0     log likelihood = -45403.102
tau =  0.1     log likelihood =   -44827.6
tau =  0.2     log likelihood = -44324.239
tau =  0.3     log likelihood = -43940.287
tau =  0.4     log likelihood = -43709.869
tau =  0.5     log likelihood = -43664.607
tau =  0.6     log likelihood = -43849.415

Iteration 0:   log likelihood = -43664.709  
Iteration 1:   log likelihood = -42595.884  
Iteration 2:   log likelihood = -42557.697  
Iteration 3:   log likelihood =  -42557.64  
Iteration 4:   log likelihood =  -42557.64  
Iteration 5:   log likelihood =  -42557.64  

Random-effects logistic regression              Number of obs     =    264,988
Group variable: Company_ID                      Number of groups  =     23,637

Random effects u_i ~ Gaussian                   Obs per group:
                                                              min =          4
                                                              avg =       11.2
                                                              max =         22

Integration method: mvaghermite                 Integration pts.  =         12

                                                Wald chi2(23)     =    2328.76
Log likelihood  =  -42557.64                    Prob > chi2       =     0.0000

----------------------------------------------------------------------------------------------
                      Zombie |      Coef.   Std. Err.      z    P>|z|     [95% Conf. Interval]
-----------------------------+----------------------------------------------------------------
Primary_Borrowing_from_banks |   .8727476   .0340048    25.67   0.000     .8060993    .9393959
              Primary_Equity |  -1.159635   .0955027   -12.14   0.000    -1.346817   -.9724535
                             |
                        Year |
                       2003  |  -.2703866    .085461    -3.16   0.002    -.4378871   -.1028861
                       2004  |   -.708716   .0909016    -7.80   0.000    -.8868799    -.530552
                       2005  |  -.8989396   .0910641    -9.87   0.000    -1.077422   -.7204572
                       2006  |  -1.164197   .0945427   -12.31   0.000    -1.349497   -.9788969
                       2007  |  -.9765979    .089887   -10.86   0.000    -1.152773   -.8004227
                       2008  |  -.6531585   .0840026    -7.78   0.000    -.8178006   -.4885165
                       2009  |  -.9144842   .0872386   -10.48   0.000    -1.085469   -.7434997
                       2010  |  -1.155202   .0917585   -12.59   0.000    -1.335046   -.9753589
                       2011  |  -.7889949    .085754    -9.20   0.000    -.9570697   -.6209201
                       2012  |  -.4388184   .0807853    -5.43   0.000    -.5971548    -.280482
                       2013  |  -.4017671   .0783732    -5.13   0.000    -.5553757   -.2481585
                       2014  |   -.297691   .0755647    -3.94   0.000    -.4457951   -.1495869
                       2015  |  -.1631384   .0734457    -2.22   0.026    -.3070894   -.0191875
                       2016  |  -.2460216   .0734696    -3.35   0.001    -.3900195   -.1020238
                       2017  |  -.3216071    .073967    -4.35   0.000    -.4665799   -.1766344
                       2018  |  -.4632593   .0747896    -6.19   0.000    -.6098442   -.3166744
                       2019  |   .0080195   .0717137     0.11   0.911    -.1325366    .1485757
                       2020  |   .2853194   .0707493     4.03   0.000     .1466533    .4239854
                       2021  |  -.9525525   .0810293   -11.76   0.000    -1.111367   -.7937381
                       2022  |  -.9797073   .0822343   -11.91   0.000    -1.140884    -.818531
                       2023  |  -1.221797   .0890189   -13.73   0.000    -1.396271   -1.047323
                             |
                       _cons |  -3.605493   .0669299   -53.87   0.000    -3.736673   -3.474313
-----------------------------+----------------------------------------------------------------
                    /lnsig2u |   .8029258   .0289506                      .7461836    .8596679
-----------------------------+----------------------------------------------------------------
                     sigma_u |   1.494009   .0216262                      1.452218    1.537002
                         rho |   .4042177   .0069721                      .3906302    .4179536
----------------------------------------------------------------------------------------------
LR test of rho=0: chibar2(01) = 5690.92                Prob >= chibar2 = 0.000

. 
. 
. 
. xtlogit Zombie Primary_Borrowing_from_banks Primary_Equity NumberofBanks Promoterpledging i.Year, re

Fitting comparison model:

Iteration 0:   log likelihood = -47090.823  
Iteration 1:   log likelihood =  -45833.28  
Iteration 2:   log likelihood = -45196.257  
Iteration 3:   log likelihood = -45191.384  
Iteration 4:   log likelihood = -45191.374  
Iteration 5:   log likelihood = -45191.374  

Fitting full model:

tau =  0.0     log likelihood = -45191.374
tau =  0.1     log likelihood = -44637.126
tau =  0.2     log likelihood = -44153.955
tau =  0.3     log likelihood = -43785.014
tau =  0.4     log likelihood = -43563.858
tau =  0.5     log likelihood = -43523.512
tau =  0.6     log likelihood = -43710.686

Iteration 0:   log likelihood = -43523.569  
Iteration 1:   log likelihood = -42508.597  
Iteration 2:   log likelihood = -42463.926  
Iteration 3:   log likelihood = -42463.857  
Iteration 4:   log likelihood = -42463.857  
Iteration 5:   log likelihood = -42463.857  

Random-effects logistic regression              Number of obs     =    264,988
Group variable: Company_ID                      Number of groups  =     23,637

Random effects u_i ~ Gaussian                   Obs per group:
                                                              min =          4
                                                              avg =       11.2
                                                              max =         22

Integration method: mvaghermite                 Integration pts.  =         12

                                                Wald chi2(25)     =    2512.03
Log likelihood  = -42463.857                    Prob > chi2       =     0.0000

----------------------------------------------------------------------------------------------
                      Zombie |      Coef.   Std. Err.      z    P>|z|     [95% Conf. Interval]
-----------------------------+----------------------------------------------------------------
Primary_Borrowing_from_banks |   .8641395   .0340201    25.40   0.000     .7974613    .9308177
              Primary_Equity |  -1.238473   .0956583   -12.95   0.000    -1.425959   -1.050986
               NumberofBanks |   .0560955   .0054798    10.24   0.000     .0453553    .0668358
            Promoterpledging |   .0098612   .0014759     6.68   0.000     .0069685     .012754
                             |
                        Year |
                       2003  |  -.2792199   .0853665    -3.27   0.001    -.4465351   -.1119047
                       2004  |  -.7180219   .0908463    -7.90   0.000    -.8960774   -.5399663
                       2005  |  -.9492188   .0911729   -10.41   0.000    -1.127914   -.7705232
                       2006  |  -1.217234   .0946914   -12.85   0.000    -1.402826   -1.031642
                       2007  |  -1.028143   .0900042   -11.42   0.000    -1.204548   -.8517379
                       2008  |  -.7055652   .0841138    -8.39   0.000    -.8704252   -.5407052
                       2009  |  -.9602374    .087291   -11.00   0.000    -1.131325   -.7891502
                       2010  |  -1.204985   .0918386   -13.12   0.000    -1.384985   -1.024984
                       2011  |  -.8449411   .0858755    -9.84   0.000    -1.013254   -.6766281
                       2012  |  -.4966901   .0808973    -6.14   0.000    -.6552459   -.3381343
                       2013  |  -.4884322   .0785568    -6.22   0.000    -.6424007   -.3344637
                       2014  |  -.3787845   .0756941    -5.00   0.000    -.5271422   -.2304267
                       2015  |  -.2383806   .0735359    -3.24   0.001    -.3825084   -.0942529
                       2016  |  -.3178021   .0735379    -4.32   0.000    -.4619338   -.1736705
                       2017  |  -.3860076   .0739938    -5.22   0.000    -.5310327   -.2409825
                       2018  |   -.524079   .0747992    -7.01   0.000    -.6706828   -.3774751
                       2019  |  -.0511985   .0716911    -0.71   0.475    -.1917105    .0893135
                       2020  |   .2254015   .0707113     3.19   0.001     .0868099    .3639931
                       2021  |  -1.023278   .0810803   -12.62   0.000    -1.182192   -.8643635
                       2022  |  -1.049017   .0822652   -12.75   0.000    -1.210253   -.8877798
                       2023  |  -1.292095   .0890596   -14.51   0.000    -1.466649   -1.117541
                             |
                       _cons |  -3.594992   .0666343   -53.95   0.000    -3.725593   -3.464392
-----------------------------+----------------------------------------------------------------
                    /lnsig2u |   .7816482   .0291347                      .7245453    .8387511
-----------------------------+----------------------------------------------------------------
                     sigma_u |   1.478198   .0215334                      1.436591    1.521011
                         rho |   .3991041   .0069871                      .3854918    .4128741
----------------------------------------------------------------------------------------------
LR test of rho=0: chibar2(01) = 5455.03                Prob >= chibar2 = 0.000

. 
. 
. 
. xtlogit Zombie Primary_Borrowing_from_banks Primary_Equity NumberofBanks Promoterpledging currentratio Log_TA EDR AssetDisposal ROA c
> ashflow Age i.Year, re 

Fitting comparison model:

Iteration 0:   log likelihood = -37798.638  
Iteration 1:   log likelihood = -35598.667  
Iteration 2:   log likelihood =  -33607.59  
Iteration 3:   log likelihood = -33048.733  
Iteration 4:   log likelihood = -32391.871  
Iteration 5:   log likelihood = -32308.817  
Iteration 6:   log likelihood = -32307.265  
Iteration 7:   log likelihood = -32307.263  

Fitting full model:

tau =  0.0     log likelihood = -32307.263
tau =  0.1     log likelihood = -32032.495
tau =  0.2     log likelihood = -31826.826
tau =  0.3     log likelihood = -31707.008
tau =  0.4     log likelihood = -31691.622
tau =  0.5     log likelihood = -31808.336

Iteration 0:   log likelihood = -31691.643  
Iteration 1:   log likelihood = -31227.596  
Iteration 2:   log likelihood = -31217.647  
Iteration 3:   log likelihood = -31217.578  
Iteration 4:   log likelihood = -31217.578  (backed up)

Random-effects logistic regression              Number of obs     =    207,793
Group variable: Company_ID                      Number of groups  =     23,146

Random effects u_i ~ Gaussian                   Obs per group:
                                                              min =          1
                                                              avg =        9.0
                                                              max =         22

Integration method: mvaghermite                 Integration pts.  =         12

                                                Wald chi2(32)     =    6052.13
Log likelihood  = -31217.578                    Prob > chi2       =     0.0000

----------------------------------------------------------------------------------------------
                      Zombie |      Coef.   Std. Err.      z    P>|z|     [95% Conf. Interval]
-----------------------------+----------------------------------------------------------------
Primary_Borrowing_from_banks |   .6480818   .0379706    17.07   0.000     .5736608    .7225028
              Primary_Equity |  -1.172503   .1013993   -11.56   0.000    -1.371242   -.9737638
               NumberofBanks |   .0445572   .0059379     7.50   0.000     .0329192    .0561952
            Promoterpledging |   .0069162    .001552     4.46   0.000     .0038743    .0099581
                currentratio |   -.205133   .0122397   -16.76   0.000    -.2291224   -.1811435
                      Log_TA |   .0086201   .0085288     1.01   0.312    -.0080961    .0253363
                         EDR |  -1.418275   .0289715   -48.95   0.000    -1.475058   -1.361492
               AssetDisposal |   .0113758   .0157243     0.72   0.469    -.0194431    .0421948
                         ROA |  -.0254827    .001105   -23.06   0.000    -.0276484   -.0233171
                    cashflow |  -.0150679   .0026378    -5.71   0.000    -.0202379   -.0098979
                         Age |   .2142725   .0206291    10.39   0.000     .1738402    .2547047
                             |
                        Year |
                       2003  |  -.1813643   .0997164    -1.82   0.069    -.3768049    .0140763
                       2004  |  -.6828147   .1096052    -6.23   0.000     -.897637   -.4679924
                       2005  |  -.9042845   .1117623    -8.09   0.000    -1.123335   -.6852343
                       2006  |  -1.109793   .1167874    -9.50   0.000    -1.338692   -.8808934
                       2007  |  -.8327183   .1088481    -7.65   0.000    -1.046057     -.61938
                       2008  |  -.6146268   .1017928    -6.04   0.000     -.814137   -.4151166
                       2009  |  -.7697376   .1034356    -7.44   0.000    -.9724676   -.5670077
                       2010  |  -1.102857   .1107965    -9.95   0.000    -1.320014   -.8857001
                       2011  |  -.7442412   .1010265    -7.37   0.000    -.9422496   -.5462329
                       2012  |  -.3847796   .0939391    -4.10   0.000    -.5688969   -.2006623
                       2013  |  -.4560427   .0912543    -5.00   0.000    -.6348978   -.2771876
                       2014  |  -.4115755   .0876791    -4.69   0.000    -.5834232   -.2397277
                       2015  |  -.3323442   .0851391    -3.90   0.000    -.4992138   -.1654746
                       2016  |  -.4463424   .0853988    -5.23   0.000     -.613721   -.2789637
                       2017  |  -.4992503   .0856603    -5.83   0.000    -.6671414   -.3313591
                       2018  |  -.6611885   .0866201    -7.63   0.000    -.8309608   -.4914161
                       2019  |   -.178518   .0831911    -2.15   0.032    -.3415696   -.0154664
                       2020  |   .1242877   .0821404     1.51   0.130    -.0367045    .2852799
                       2021  |  -1.125764   .0936201   -12.02   0.000    -1.309256   -.9422717
                       2022  |  -1.072382   .0941903   -11.39   0.000    -1.256992   -.8877723
                       2023  |  -1.290725    .100651   -12.82   0.000    -1.487997   -1.093452
                             |
                       _cons |  -3.370345   .1098289   -30.69   0.000    -3.585606   -3.155085
-----------------------------+----------------------------------------------------------------
                    /lnsig2u |   .3396695   .0385979                      .2640189    .4153201
-----------------------------+----------------------------------------------------------------
                     sigma_u |   1.185109   .0228714                      1.141119    1.230795
                         rho |   .2991858    .008093                      .2835686    .3152846
----------------------------------------------------------------------------------------------
LR test of rho=0: chibar2(01) = 2179.37                Prob >= chibar2 = 0.000

. 
. 
. 
. * For Listed Firms

. 
. 
. 
. xtlogit Zombie Primary_Borrowing_from_banks Primary_Equity NumberofBanks Promoterpledging currentratio Log_TA EDR AssetDisposal debtt
> oequity ROA ROE AltmanZScore cashflow Age i.Year, re

Fitting comparison model:

Iteration 0:   log likelihood = -5579.3854  
Iteration 1:   log likelihood = -5489.0947  
Iteration 2:   log likelihood = -4419.7237  
Iteration 3:   log likelihood = -3963.9336  
Iteration 4:   log likelihood = -3827.5976  
Iteration 5:   log likelihood = -3817.3057  
Iteration 6:   log likelihood = -3800.8203  
Iteration 7:   log likelihood = -3793.4406  
Iteration 8:   log likelihood = -3793.4077  
Iteration 9:   log likelihood = -3793.4077  

Fitting full model:

tau =  0.0     log likelihood = -3793.4077
tau =  0.1     log likelihood = -3769.7918
tau =  0.2     log likelihood = -3751.5549
tau =  0.3     log likelihood = -3740.3641
tau =  0.4     log likelihood = -3738.5585
tau =  0.5     log likelihood = -3749.7731

Iteration 0:   log likelihood = -3738.5587  
Iteration 1:   log likelihood = -3706.1306  
Iteration 2:   log likelihood = -3705.9456  
Iteration 3:   log likelihood = -3705.9453  

Random-effects logistic regression              Number of obs     =     35,524
Group variable: Company_ID                      Number of groups  =      3,091

Random effects u_i ~ Gaussian                   Obs per group:
                                                              min =          1
                                                              avg =       11.5
                                                              max =         22

Integration method: mvaghermite                 Integration pts.  =         12

                                                Wald chi2(35)     =    1580.22
Log likelihood  = -3705.9453                    Prob > chi2       =     0.0000

----------------------------------------------------------------------------------------------
                      Zombie |      Coef.   Std. Err.      z    P>|z|     [95% Conf. Interval]
-----------------------------+----------------------------------------------------------------
Primary_Borrowing_from_banks |   .1730674   .1347649     1.28   0.199     -.091067    .4372019
              Primary_Equity |  -1.562597   .1579583    -9.89   0.000    -1.872189   -1.253004
               NumberofBanks |  -.0057344   .0136008    -0.42   0.673    -.0323916    .0209227
            Promoterpledging |   .0015545   .0028937     0.54   0.591    -.0041171    .0072262
                currentratio |  -.0179842   .0364378    -0.49   0.622     -.089401    .0534325
                      Log_TA |   .0561542   .0281918     1.99   0.046     .0008992    .1114092
                         EDR |  -.7022452   .1122461    -6.26   0.000    -.9222435    -.482247
               AssetDisposal |  -.0620369   .0416519    -1.49   0.136    -.1436731    .0195992
                debttoequity |   .0180448   .0082779     2.18   0.029     .0018205    .0342691
                         ROA |   .0137534   .0059982     2.29   0.022     .0019971    .0255096
                         ROE |  -.0009554   .0011246    -0.85   0.396    -.0031596    .0012487
                AltmanZScore |  -1.713776   .0682855   -25.10   0.000    -1.847613   -1.579938
                    cashflow |  -.0101704   .0102498    -0.99   0.321    -.0302597    .0099189
                         Age |   .1125242   .0762622     1.48   0.140     -.036947    .2619954
                             |
                        Year |
                       2003  |  -.4407282   .2210293    -1.99   0.046    -.8739377   -.0075187
                       2004  |  -.5827822   .2508435    -2.32   0.020    -1.074426   -.0911381
                       2005  |  -.6538865   .2719486    -2.40   0.016    -1.186896    -.120877
                       2006  |  -1.040786   .2937406    -3.54   0.000    -1.616507   -.4650654
                       2007  |  -.1172525   .2346113    -0.50   0.617    -.5770823    .3425772
                       2008  |  -.0651811   .1978711    -0.33   0.742    -.4530014    .3226391
                       2009  |  -.3880142    .224592    -1.73   0.084    -.8282063     .052178
                       2010  |  -1.023422   .2611532    -3.92   0.000    -1.535273    -.511571
                       2011  |   -.348202   .2143325    -1.62   0.104    -.7682859    .0718819
                       2012  |   .3230733   .1972079     1.64   0.101    -.0634471    .7095938
                       2013  |   .3156635    .195858     1.61   0.107    -.0682111    .6995381
                       2014  |   .6879615   .1929618     3.57   0.000     .3097633     1.06616
                       2015  |   .6272471   .2000342     3.14   0.002     .2351873    1.019307
                       2016  |   .0413441   .2150104     0.19   0.848    -.3800687    .4627568
                       2017  |   .1641547   .2185185     0.75   0.453    -.2641337     .592443
                       2018  |  -.5540731   .2429332    -2.28   0.023    -1.030213   -.0779329
                       2019  |  -.0132567   .2127635    -0.06   0.950    -.4302655     .403752
                       2020  |   .5270269   .2066971     2.55   0.011      .121908    .9321457
                       2021  |  -.8542957   .3039696    -2.81   0.005    -1.450065   -.2585263
                       2022  |  -.6587699   .2999448    -2.20   0.028    -1.246651   -.0708889
                       2023  |  -.0672327   .2701742    -0.25   0.803    -.5967643     .462299
                             |
                       _cons |  -2.469258   .3317192    -7.44   0.000    -3.119416     -1.8191
-----------------------------+----------------------------------------------------------------
                    /lnsig2u |   .2004525   .1258592                      -.046227    .4471319
-----------------------------+----------------------------------------------------------------
                     sigma_u |   1.105421   .0695637                      .9771516    1.250528
                         rho |   .2708341    .024855                      .2249456    .3221922
----------------------------------------------------------------------------------------------
LR test of rho=0: chibar2(01) = 174.92                 Prob >= chibar2 = 0.000

. 
. 
. 
. * Alternative Specification for Banking Relations

. 
. 
. 
. xtlogit Zombie Primary_Borrowing_from_banks Primary_Equity NumberofBanks Promoterpledging NumberofBanks2 currentratio Log_TA EDR Asse
> tDisposal ROA cashflow Age i.Year, re

Fitting comparison model:

Iteration 0:   log likelihood = -37798.638  
Iteration 1:   log likelihood = -35600.809  
Iteration 2:   log likelihood = -33607.499  
Iteration 3:   log likelihood = -33049.136  
Iteration 4:   log likelihood = -32392.037  
Iteration 5:   log likelihood =   -32308.8  
Iteration 6:   log likelihood =  -32307.24  
Iteration 7:   log likelihood = -32307.237  

Fitting full model:

tau =  0.0     log likelihood = -32307.237
tau =  0.1     log likelihood = -32032.496
tau =  0.2     log likelihood = -31826.845
tau =  0.3     log likelihood = -31707.035
tau =  0.4     log likelihood = -31691.647
tau =  0.5     log likelihood = -31808.346

Iteration 0:   log likelihood = -31691.668  
Iteration 1:   log likelihood = -31227.523  
Iteration 2:   log likelihood = -31217.558  
Iteration 3:   log likelihood = -31217.489  
Iteration 4:   log likelihood = -31217.489  (backed up)

Random-effects logistic regression              Number of obs     =    207,793
Group variable: Company_ID                      Number of groups  =     23,146

Random effects u_i ~ Gaussian                   Obs per group:
                                                              min =          1
                                                              avg =        9.0
                                                              max =         22

Integration method: mvaghermite                 Integration pts.  =         12

                                                Wald chi2(33)     =    6052.36
Log likelihood  = -31217.489                    Prob > chi2       =     0.0000

----------------------------------------------------------------------------------------------
                      Zombie |      Coef.   Std. Err.      z    P>|z|     [95% Conf. Interval]
-----------------------------+----------------------------------------------------------------
Primary_Borrowing_from_banks |   .6480466   .0379721    17.07   0.000     .5736227    .7224705
              Primary_Equity |   -1.16902   .1017288   -11.49   0.000    -1.368405   -.9696354
               NumberofBanks |   .0388058   .0148483     2.61   0.009     .0097037    .0679079
            Promoterpledging |   .0068987    .001553     4.44   0.000     .0038548    .0099425
              NumberofBanks2 |   .0006386     .00151     0.42   0.672     -.002321    .0035982
                currentratio |  -.2051437    .012239   -16.76   0.000    -.2291316   -.1811558
                      Log_TA |    .008291   .0085648     0.97   0.333    -.0084957    .0250776
                         EDR |  -1.418085   .0289745   -48.94   0.000    -1.474874   -1.361296
               AssetDisposal |   .0115062    .015727     0.73   0.464    -.0193181    .0423305
                         ROA |   -.025485    .001105   -23.06   0.000    -.0276507   -.0233193
                    cashflow |  -.0150613   .0026378    -5.71   0.000    -.0202312   -.0098913
                         Age |   .2148647   .0206785    10.39   0.000     .1743357    .2553938
                             |
                        Year |
                       2003  |  -.1811076   .0997213    -1.82   0.069    -.3765577    .0143425
                       2004  |   -.682473   .1096099    -6.23   0.000    -.8973045   -.4676415
                       2005  |  -.9013278   .1119802    -8.05   0.000    -1.120805   -.6818508
                       2006  |  -1.106924   .1169836    -9.46   0.000    -1.336208   -.8776407
                       2007  |  -.8298444   .1090607    -7.61   0.000    -1.043599   -.6160892
                       2008  |  -.6117529   .1020208    -6.00   0.000    -.8117101   -.4117958
                       2009  |  -.7670543   .1036312    -7.40   0.000    -.9701677   -.5639409
                       2010  |  -1.100352   .1109557    -9.92   0.000    -1.317821   -.8828831
                       2011  |  -.7420218   .1011639    -7.33   0.000    -.9402993   -.5437442
                       2012  |  -.3828622   .0940505    -4.07   0.000    -.5671979   -.1985266
                       2013  |  -.4543387   .0913456    -4.97   0.000    -.6333728   -.2753046
                       2014  |  -.4102102   .0877406    -4.68   0.000    -.5821785   -.2382418
                       2015  |  -.3313974   .0851711    -3.89   0.000    -.4983297    -.164465
                       2016  |  -.4455908   .0854198    -5.22   0.000    -.6130106   -.2781711
                       2017  |  -.4986843   .0856736    -5.82   0.000    -.6666015   -.3307672
                       2018  |  -.6606973   .0866306    -7.63   0.000    -.8304903   -.4909044
                       2019  |  -.1780358   .0832016    -2.14   0.032    -.3411079   -.0149637
                       2020  |   .1247398   .0821503     1.52   0.129    -.0362718    .2857514
                       2021  |  -1.124796   .0936502   -12.01   0.000    -1.308347   -.9412449
                       2022  |  -1.071413   .0942206   -11.37   0.000    -1.256082   -.8867442
                       2023  |  -1.289746   .1006801   -12.81   0.000    -1.487075   -1.092417
                             |
                       _cons |  -3.368882    .109892   -30.66   0.000    -3.584266   -3.153498
-----------------------------+----------------------------------------------------------------
                    /lnsig2u |   .3398487   .0385979                      .2641983    .4154991
-----------------------------+----------------------------------------------------------------
                     sigma_u |   1.185215   .0228734                      1.141221    1.230905
                         rho |   .2992234   .0080935                       .283605    .3153233
----------------------------------------------------------------------------------------------
LR test of rho=0: chibar2(01) = 2179.50                Prob >= chibar2 = 0.000

. 
. 
. 
. xtlogit Zombie Primary_Borrowing_from_banks Primary_Equity HighBankingrel Promoterpledging currentratio Log_TA EDR AssetDisposal ROA 
> cashflow Age i.Year, re

Fitting comparison model:

Iteration 0:   log likelihood = -37798.638  
Iteration 1:   log likelihood = -35606.383  
Iteration 2:   log likelihood = -33628.124  
Iteration 3:   log likelihood = -33067.059  
Iteration 4:   log likelihood = -32410.022  
Iteration 5:   log likelihood = -32327.049  
Iteration 6:   log likelihood = -32325.514  
Iteration 7:   log likelihood = -32325.511  

Fitting full model:

tau =  0.0     log likelihood = -32325.511
tau =  0.1     log likelihood = -32050.223
tau =  0.2     log likelihood = -31844.273
tau =  0.3     log likelihood = -31724.566
tau =  0.4     log likelihood = -31709.577
tau =  0.5     log likelihood = -31826.713

Iteration 0:   log likelihood = -31709.588  
Iteration 1:   log likelihood = -31243.589  
Iteration 2:   log likelihood =  -31233.38  
Iteration 3:   log likelihood = -31233.306  
Iteration 4:   log likelihood = -31233.306  (backed up)

Random-effects logistic regression              Number of obs     =    207,793
Group variable: Company_ID                      Number of groups  =     23,146

Random effects u_i ~ Gaussian                   Obs per group:
                                                              min =          1
                                                              avg =        9.0
                                                              max =         22

Integration method: mvaghermite                 Integration pts.  =         12

                                                Wald chi2(32)     =    6025.25
Log likelihood  = -31233.306                    Prob > chi2       =     0.0000

----------------------------------------------------------------------------------------------
                      Zombie |      Coef.   Std. Err.      z    P>|z|     [95% Conf. Interval]
-----------------------------+----------------------------------------------------------------
Primary_Borrowing_from_banks |    .651858   .0379356    17.18   0.000     .5775057    .7262104
              Primary_Equity |  -1.179815   .1016714   -11.60   0.000    -1.379087   -.9805426
              HighBankingrel |   .1610928   .0331051     4.87   0.000      .096208    .2259776
            Promoterpledging |    .008486   .0015251     5.56   0.000     .0054969    .0114751
                currentratio |  -.2055835   .0122559   -16.77   0.000    -.2296047   -.1815623
                      Log_TA |   .0164195    .008422     1.95   0.051    -.0000874    .0329264
                         EDR |   -1.42104   .0289919   -49.02   0.000    -1.477863   -1.364216
               AssetDisposal |   .0116723   .0157224     0.74   0.458     -.019143    .0424876
                         ROA |  -.0255827   .0011051   -23.15   0.000    -.0277487   -.0234167
                    cashflow |  -.0151214   .0026374    -5.73   0.000    -.0202906   -.0099522
                         Age |   .2208213   .0206507    10.69   0.000     .1803466     .261296
                             |
                        Year |
                       2003  |  -.1810258    .099683    -1.82   0.069    -.3764009    .0143494
                       2004  |  -.6837213   .1095644    -6.24   0.000    -.8984635   -.4689791
                       2005  |   -.892716   .1118537    -7.98   0.000    -1.111945   -.6734869
                       2006  |  -1.098407   .1168369    -9.40   0.000    -1.327403    -.869411
                       2007  |  -.8236479    .108911    -7.56   0.000     -1.03711   -.6101862
                       2008  |  -.6088535   .1019058    -5.97   0.000    -.8085852   -.4091217
                       2009  |  -.7646272   .1035196    -7.39   0.000    -.9675219   -.5617326
                       2010  |  -1.094185   .1108477    -9.87   0.000    -1.311442   -.8769273
                       2011  |  -.7344317   .1010522    -7.27   0.000    -.9324903    -.536373
                       2012  |  -.3740671    .093952    -3.98   0.000    -.5582097   -.1899245
                       2013  |  -.4492188   .0912742    -4.92   0.000     -.628113   -.2703246
                       2014  |  -.4052554   .0876826    -4.62   0.000    -.5771102   -.2334006
                       2015  |  -.3268358   .0851206    -3.84   0.000    -.4936691   -.1600024
                       2016  |   -.442265   .0853779    -5.18   0.000    -.6096027   -.2749273
                       2017  |  -.4960628   .0856292    -5.79   0.000    -.6638928   -.3282327
                       2018  |  -.6604666   .0865904    -7.63   0.000    -.8301806   -.4907525
                       2019  |  -.1787113   .0831646    -2.15   0.032     -.341711   -.0157117
                       2020  |   .1232223   .0821153     1.50   0.133    -.0377207    .2841653
                       2021  |  -1.127461   .0936114   -12.04   0.000    -1.310936   -.9439863
                       2022  |  -1.075484   .0941836   -11.42   0.000    -1.260081   -.8908878
                       2023  |  -1.294974   .1006282   -12.87   0.000    -1.492202   -1.097747
                             |
                       _cons |  -3.433276   .1094669   -31.36   0.000    -3.647827   -3.218725
-----------------------------+----------------------------------------------------------------
                    /lnsig2u |   .3400637   .0385929                      .2644231    .4157044
-----------------------------+----------------------------------------------------------------
                     sigma_u |   1.185343   .0228729                       1.14135    1.231031
                         rho |   .2992685   .0080932                      .2836507    .3153676
----------------------------------------------------------------------------------------------
LR test of rho=0: chibar2(01) = 2184.41                Prob >= chibar2 = 0.000

. 
. 
. 
. xtlogit Zombie Primary_Borrowing_from_banks Primary_Equity NumberofBanks Promoterpledging bankint currentratio Log_TA EDR AssetDispos
> al ROA cashflow Age i.Year, re

Fitting comparison model:

Iteration 0:   log likelihood = -37798.638  
Iteration 1:   log likelihood = -35695.533  
Iteration 2:   log likelihood = -33607.536  
Iteration 3:   log likelihood = -33054.716  
Iteration 4:   log likelihood = -32391.019  
Iteration 5:   log likelihood = -32308.675  
Iteration 6:   log likelihood = -32307.161  
Iteration 7:   log likelihood = -32307.159  

Fitting full model:

tau =  0.0     log likelihood = -32307.159
tau =  0.1     log likelihood = -32032.455
tau =  0.2     log likelihood = -31826.837
tau =  0.3     log likelihood = -31707.071
tau =  0.4     log likelihood = -31691.748
tau =  0.5     log likelihood = -31808.536

Iteration 0:   log likelihood = -31691.769  
Iteration 1:   log likelihood = -31227.484  
Iteration 2:   log likelihood = -31217.516  
Iteration 3:   log likelihood = -31217.446  
Iteration 4:   log likelihood = -31217.446  (backed up)

Random-effects logistic regression              Number of obs     =    207,793
Group variable: Company_ID                      Number of groups  =     23,146

Random effects u_i ~ Gaussian                   Obs per group:
                                                              min =          1
                                                              avg =        9.0
                                                              max =         22

Integration method: mvaghermite                 Integration pts.  =         12

                                                Wald chi2(33)     =    6051.20
Log likelihood  = -31217.446                    Prob > chi2       =     0.0000

----------------------------------------------------------------------------------------------
                      Zombie |      Coef.   Std. Err.      z    P>|z|     [95% Conf. Interval]
-----------------------------+----------------------------------------------------------------
Primary_Borrowing_from_banks |   .6588262   .0433102    15.21   0.000     .5739398    .7437127
              Primary_Equity |  -1.173709   .1014323   -11.57   0.000    -1.372512    -.974905
               NumberofBanks |   .0454776   .0061988     7.34   0.000     .0333282    .0576271
            Promoterpledging |   .0069083   .0015518     4.45   0.000     .0038667    .0099498
                     bankint |   -.039711   .0773935    -0.51   0.608    -.1913995    .1119775
                currentratio |  -.2051307   .0122401   -16.76   0.000     -.229121   -.1811405
                      Log_TA |   .0084987   .0085329     1.00   0.319    -.0082255     .025223
                         EDR |  -1.418481   .0289769   -48.95   0.000    -1.475275   -1.361688
               AssetDisposal |   .0113461   .0157237     0.72   0.471    -.0194718     .042164
                         ROA |  -.0254886    .001105   -23.07   0.000    -.0276544   -.0233228
                    cashflow |  -.0150622   .0026379    -5.71   0.000    -.0202324    -.009892
                         Age |   .2145616   .0206385    10.40   0.000     .1741109    .2550123
                             |
                        Year |
                       2003  |  -.1814274   .0997286    -1.82   0.069    -.3768918     .014037
                       2004  |  -.6829888   .1096192    -6.23   0.000    -.8978384   -.4681391
                       2005  |  -.9027442   .1117929    -8.08   0.000    -1.121854   -.6836341
                       2006  |  -1.108196    .116818    -9.49   0.000    -1.337155   -.8792365
                       2007  |  -.8315809   .1088654    -7.64   0.000    -1.044953   -.6182086
                       2008  |  -.6135298   .1018146    -6.03   0.000    -.8130829   -.4139768
                       2009  |  -.7684073   .1034674    -7.43   0.000    -.9711997    -.565615
                       2010  |  -1.101756   .1108188    -9.94   0.000    -1.318957   -.8845549
                       2011  |  -.7433158   .1010457    -7.36   0.000    -.9413617     -.54527
                       2012  |  -.3839883   .0939566    -4.09   0.000    -.5681398   -.1998368
                       2013  |  -.4550429   .0912791    -4.99   0.000    -.6339467   -.2761391
                       2014  |  -.4109016   .0876952    -4.69   0.000    -.5827812   -.2390221
                       2015  |  -.3317173   .0851555    -3.90   0.000     -.498619   -.1648156
                       2016  |  -.4457074   .0854145    -5.22   0.000    -.6131167   -.2782981
                       2017  |   -.498631   .0856765    -5.82   0.000    -.6665539   -.3307082
                       2018  |  -.6608551   .0866308    -7.63   0.000    -.8306484   -.4910619
                       2019  |  -.1781567   .0832032    -2.14   0.032     -.341232   -.0150815
                       2020  |   .1246355   .0821524     1.52   0.129    -.0363802    .2856512
                       2021  |  -1.125358   .0936313   -12.02   0.000    -1.308872   -.9418436
                       2022  |  -1.072095   .0942009   -11.38   0.000    -1.256726    -.887465
                       2023  |  -1.290457   .1006617   -12.82   0.000    -1.487751   -1.093164
                             |
                       _cons |  -3.372268   .1099049   -30.68   0.000    -3.587678   -3.156859
-----------------------------+----------------------------------------------------------------
                    /lnsig2u |   .3400058   .0385981                      .2643549    .4156567
-----------------------------+----------------------------------------------------------------
                     sigma_u |   1.185308   .0228753                      1.141311    1.231002
                         rho |   .2992563   .0080941                      .2836368    .3153573
----------------------------------------------------------------------------------------------
LR test of rho=0: chibar2(01) = 2179.43                Prob >= chibar2 = 0.000

. 
. 
. 
. * Robustness check with Alternative definitions

. 
. * Relaxed Definition

. 
. 
. 
. replace Zombie = 1 if Relaxed == "Zombie"
(13,219 real changes made)

. 
. replace Zombie = 0 if Relaxed == "Healthy"
(0 real changes made)

. 
. 
. 
. xtset Company_ID Year
       panel variable:  Company_ID (unbalanced)
        time variable:  Year, 2002 to 2023, but with gaps
                delta:  1 unit

. 
. 
. 
. xtlogit Zombie Primary_Borrowing_from_banks Primary_Equity i.Year, re

Fitting comparison model:

Iteration 0:   log likelihood = -81991.719  
Iteration 1:   log likelihood =  -79803.53  
Iteration 2:   log likelihood = -79239.009  
Iteration 3:   log likelihood = -79234.571  
Iteration 4:   log likelihood = -79234.562  
Iteration 5:   log likelihood = -79234.562  

Fitting full model:

tau =  0.0     log likelihood = -79234.562
tau =  0.1     log likelihood = -76679.495
tau =  0.2     log likelihood = -74584.505
tau =  0.3     log likelihood = -72934.232
tau =  0.4     log likelihood =   -71666.8
tau =  0.5     log likelihood = -70737.529
tau =  0.6     log likelihood = -70133.478
tau =  0.7     log likelihood = -69903.364
tau =  0.8     log likelihood = -70236.035

Iteration 0:   log likelihood = -69892.273  
Iteration 1:   log likelihood = -68075.296  
Iteration 2:   log likelihood = -67640.515  
Iteration 3:   log likelihood = -67637.561  
Iteration 4:   log likelihood = -67637.519  
Iteration 5:   log likelihood = -67637.503  
Iteration 6:   log likelihood = -67637.503  

Random-effects logistic regression              Number of obs     =    264,988
Group variable: Company_ID                      Number of groups  =     23,637

Random effects u_i ~ Gaussian                   Obs per group:
                                                              min =          4
                                                              avg =       11.2
                                                              max =         22

Integration method: mvaghermite                 Integration pts.  =         12

                                                Wald chi2(23)     =    2491.43
Log likelihood  = -67637.503                    Prob > chi2       =     0.0000

----------------------------------------------------------------------------------------------
                      Zombie |      Coef.   Std. Err.      z    P>|z|     [95% Conf. Interval]
-----------------------------+----------------------------------------------------------------
Primary_Borrowing_from_banks |    .713119   .0283777    25.13   0.000     .6574998    .7687383
              Primary_Equity |  -1.252429   .0779394   -16.07   0.000    -1.405187    -1.09967
                             |
                        Year |
                       2003  |   -.372249   .0680247    -5.47   0.000    -.5055749   -.2389231
                       2004  |  -.5624266   .0686427    -8.19   0.000    -.6969639   -.4278893
                       2005  |  -.8859176   .0693532   -12.77   0.000    -1.021847   -.7499878
                       2006  |  -1.023928   .0693666   -14.76   0.000    -1.159884    -.887972
                       2007  |  -.9238244   .0676388   -13.66   0.000    -1.056394   -.7912548
                       2008  |  -.5914444   .0644621    -9.18   0.000    -.7177878   -.4651011
                       2009  |  -.8913398   .0660904   -13.49   0.000    -1.020875    -.761805
                       2010  |    -.99927   .0669879   -14.92   0.000    -1.130564   -.8679761
                       2011  |  -.6444626   .0645014    -9.99   0.000    -.7708829   -.5180422
                       2012  |  -.4392434   .0629076    -6.98   0.000    -.5625401   -.3159467
                       2013  |  -.3262014   .0608901    -5.36   0.000    -.4455438    -.206859
                       2014  |  -.2639193   .0593272    -4.45   0.000    -.3801984   -.1476402
                       2015  |  -.3534323   .0588109    -6.01   0.000    -.4686994   -.2381651
                       2016  |  -.5291651   .0590312    -8.96   0.000    -.6448641    -.413466
                       2017  |  -.5451295   .0590195    -9.24   0.000    -.6608055   -.4294534
                       2018  |  -.6710998   .0592851   -11.32   0.000    -.7872965   -.5549031
                       2019  |  -.5101728   .0586212    -8.70   0.000    -.6250682   -.3952774
                       2020  |  -.5176195   .0589873    -8.78   0.000    -.6332324   -.4020065
                       2021  |  -.9212267   .0610809   -15.08   0.000    -1.040943   -.8015103
                       2022  |   -1.21086   .0632454   -19.15   0.000    -1.334818   -1.086901
                       2023  |  -1.745899   .0697766   -25.02   0.000    -1.882658   -1.609139
                             |
                       _cons |   -2.81173   .0539882   -52.08   0.000    -2.917545   -2.705915
-----------------------------+----------------------------------------------------------------
                    /lnsig2u |   1.333892   .0208152                      1.293095    1.374689
-----------------------------+----------------------------------------------------------------
                     sigma_u |   1.948278   .0202769                      1.908938    1.988428
                         rho |   .5357002   .0051773                      .5255395    .5458313
----------------------------------------------------------------------------------------------
LR test of rho=0: chibar2(01) = 2.3e+04                Prob >= chibar2 = 0.000

. 
. 
. 
. xtlogit Zombie Primary_Borrowing_from_banks Primary_Equity NumberofBanks Promoterpledging i.Year, re

Fitting comparison model:

Iteration 0:   log likelihood = -81991.719  
Iteration 1:   log likelihood = -79650.663  
Iteration 2:   log likelihood = -79048.827  
Iteration 3:   log likelihood = -79043.669  
Iteration 4:   log likelihood = -79043.659  
Iteration 5:   log likelihood = -79043.659  

Fitting full model:

tau =  0.0     log likelihood = -79043.659
tau =  0.1     log likelihood = -76517.449
tau =  0.2     log likelihood = -74441.686
tau =  0.3     log likelihood = -72801.737
tau =  0.4     log likelihood =  -71539.37
tau =  0.5     log likelihood =  -70612.61
tau =  0.6     log likelihood = -70011.517
tau =  0.7     log likelihood = -69783.699
tau =  0.8     log likelihood = -70114.203

Iteration 0:   log likelihood = -69773.187  
Iteration 1:   log likelihood = -67960.105  
Iteration 2:   log likelihood = -67538.497  
Iteration 3:   log likelihood = -67535.446  
Iteration 4:   log likelihood = -67535.401  
Iteration 5:   log likelihood = -67535.383  
Iteration 6:   log likelihood = -67535.383  

Random-effects logistic regression              Number of obs     =    264,988
Group variable: Company_ID                      Number of groups  =     23,637

Random effects u_i ~ Gaussian                   Obs per group:
                                                              min =          4
                                                              avg =       11.2
                                                              max =         22

Integration method: mvaghermite                 Integration pts.  =         12

                                                Wald chi2(25)     =    2687.03
Log likelihood  = -67535.383                    Prob > chi2       =     0.0000

----------------------------------------------------------------------------------------------
                      Zombie |      Coef.   Std. Err.      z    P>|z|     [95% Conf. Interval]
-----------------------------+----------------------------------------------------------------
Primary_Borrowing_from_banks |   .7045121   .0284257    24.78   0.000     .6487987    .7602255
              Primary_Equity |  -1.302924   .0780826   -16.69   0.000    -1.455963   -1.149885
               NumberofBanks |   .0474167   .0046476    10.20   0.000     .0383076    .0565259
            Promoterpledging |   .0096366   .0012531     7.69   0.000     .0071806    .0120926
                             |
                        Year |
                       2003  |  -.3824125   .0680442    -5.62   0.000    -.5157767   -.2490483
                       2004  |  -.5737894    .068696    -8.35   0.000    -.7084312   -.4391477
                       2005  |  -.9325764   .0695772   -13.40   0.000    -1.068945   -.7962075
                       2006  |  -1.073123   .0696041   -15.42   0.000    -1.209545   -.9367016
                       2007  |  -.9729179   .0678732   -14.33   0.000    -1.105947   -.8398889
                       2008  |  -.6418354   .0646823    -9.92   0.000    -.7686104   -.5150603
                       2009  |   -.937332   .0662718   -14.14   0.000    -1.067222   -.8074417
                       2010  |  -1.049642   .0672126   -15.62   0.000    -1.181377   -.9179082
                       2011  |  -.6982863   .0647481   -10.78   0.000    -.8251903   -.5713823
                       2012  |  -.4954859   .0631594    -7.85   0.000    -.6192761   -.3716957
                       2013  |  -.4069606   .0611965    -6.65   0.000    -.5269035   -.2870177
                       2014  |  -.3413371   .0596002    -5.73   0.000    -.4581514   -.2245228
                       2015  |  -.4272211   .0590628    -7.23   0.000    -.5429821   -.3114601
                       2016  |  -.6008712   .0592706   -10.14   0.000    -.7170395   -.4847029
                       2017  |  -.6114735   .0592273   -10.32   0.000    -.7275568   -.4953902
                       2018  |  -.7337509   .0594676   -12.34   0.000    -.8503053   -.6171966
                       2019  |  -.5716179   .0587959    -9.72   0.000    -.6868558     -.45638
                       2020  |  -.5796341    .059162    -9.80   0.000    -.6955895   -.4636786
                       2021  |  -.9901561   .0612968   -16.15   0.000    -1.110296   -.8700166
                       2022  |  -1.279064   .0634478   -20.16   0.000     -1.40342   -1.154709
                       2023  |  -1.814325   .0699599   -25.93   0.000    -1.951444   -1.677206
                             |
                       _cons |  -2.802653   .0539328   -51.97   0.000    -2.908359   -2.696947
-----------------------------+----------------------------------------------------------------
                    /lnsig2u |    1.33376   .0208274                      1.292939    1.374581
-----------------------------+----------------------------------------------------------------
                     sigma_u |    1.94815   .0202875                       1.90879    1.988321
                         rho |   .5356675   .0051804                      .5255008    .5458047
----------------------------------------------------------------------------------------------
LR test of rho=0: chibar2(01) = 2.3e+04                Prob >= chibar2 = 0.000

. 
. 
. 
. xtlogit Zombie Primary_Borrowing_from_banks Primary_Equity NumberofBanks Promoterpledging currentratio Log_TA EDR AssetDisposal ROA c
> ashflow Age i.Year, re 

Fitting comparison model:

Iteration 0:   log likelihood = -66053.869  
Iteration 1:   log likelihood = -58474.582  
Iteration 2:   log likelihood = -56022.707  
Iteration 3:   log likelihood = -55199.657  
Iteration 4:   log likelihood = -53747.578  
Iteration 5:   log likelihood = -53494.725  
Iteration 6:   log likelihood = -53492.053  
Iteration 7:   log likelihood =  -53492.05  

Fitting full model:

tau =  0.0     log likelihood =  -53492.05
tau =  0.1     log likelihood = -52362.491
tau =  0.2     log likelihood = -51501.393
tau =  0.3     log likelihood = -50867.292
tau =  0.4     log likelihood = -50434.255
tau =  0.5     log likelihood = -50199.526
tau =  0.6     log likelihood = -50189.716
tau =  0.7     log likelihood = -50475.541

Iteration 0:   log likelihood = -50186.613  
Iteration 1:   log likelihood = -49004.135  
Iteration 2:   log likelihood = -48850.647  
Iteration 3:   log likelihood = -48847.559  
Iteration 4:   log likelihood = -48847.559  
Iteration 5:   log likelihood = -48847.559  

Random-effects logistic regression              Number of obs     =    207,793
Group variable: Company_ID                      Number of groups  =     23,146

Random effects u_i ~ Gaussian                   Obs per group:
                                                              min =          1
                                                              avg =        9.0
                                                              max =         22

Integration method: mvaghermite                 Integration pts.  =         12

                                                Wald chi2(32)     =    9586.30
Log likelihood  = -48847.559                    Prob > chi2       =     0.0000

----------------------------------------------------------------------------------------------
                      Zombie |      Coef.   Std. Err.      z    P>|z|     [95% Conf. Interval]
-----------------------------+----------------------------------------------------------------
Primary_Borrowing_from_banks |   .4991502   .0325881    15.32   0.000     .4352788    .5630217
              Primary_Equity |  -1.277823   .0865123   -14.77   0.000    -1.447384   -1.108262
               NumberofBanks |   .0331802   .0050772     6.54   0.000     .0232291    .0431312
            Promoterpledging |   .0058639   .0013528     4.33   0.000     .0032124    .0085154
                currentratio |  -.2250676   .0093883   -23.97   0.000    -.2434684   -.2066668
                      Log_TA |      .1073   .0080729    13.29   0.000     .0914774    .1231225
                         EDR |  -1.654599   .0265089   -62.42   0.000    -1.706555   -1.602642
               AssetDisposal |   .0511053   .0125675     4.07   0.000     .0264735    .0757372
                         ROA |  -.0382604   .0009261   -41.31   0.000    -.0400756   -.0364452
                    cashflow |  -.0104713   .0020333    -5.15   0.000    -.0144565   -.0064862
                         Age |  -.2988866   .0184568   -16.19   0.000    -.3350614   -.2627119
                             |
                        Year |
                       2003  |  -.2848299   .0823411    -3.46   0.001    -.4462156   -.1234442
                       2004  |  -.4880614   .0849685    -5.74   0.000    -.6545965   -.3215263
                       2005  |  -.8416301   .0868094    -9.70   0.000    -1.011773   -.6714868
                       2006  |  -.8864287   .0866148   -10.23   0.000    -1.056191   -.7166668
                       2007  |  -.7835814   .0843475    -9.29   0.000    -.9488994   -.6182633
                       2008  |  -.4612677   .0796011    -5.79   0.000    -.6172829   -.3052524
                       2009  |  -.7476659   .0808212    -9.25   0.000    -.9060725   -.5892592
                       2010  |  -.8841356     .08229   -10.74   0.000    -1.045421   -.7228501
                       2011  |  -.5860442   .0783922    -7.48   0.000    -.7396901   -.4323983
                       2012  |  -.3984246   .0760215    -5.24   0.000    -.5474241   -.2494252
                       2013  |  -.3779372   .0735436    -5.14   0.000    -.5220801   -.2337943
                       2014  |  -.3702906   .0714249    -5.18   0.000    -.5102807   -.2303004
                       2015  |  -.4950191   .0706503    -7.01   0.000    -.6334912   -.3565469
                       2016  |  -.6830237   .0711525    -9.60   0.000      -.82248   -.5435673
                       2017  |   -.646501   .0710069    -9.10   0.000    -.7856719   -.5073301
                       2018  |   -.764189   .0713076   -10.72   0.000    -.9039493   -.6244286
                       2019  |   -.566282    .070647    -8.02   0.000    -.7047475   -.4278164
                       2020  |  -.5663082   .0712056    -7.95   0.000    -.7058685   -.4267478
                       2021  |  -.8700512   .0736282   -11.82   0.000     -1.01436   -.7257427
                       2022  |  -1.057274   .0757706   -13.95   0.000    -1.205782   -.9087668
                       2023  |  -1.582771   .0822028   -19.25   0.000    -1.743886   -1.421656
                             |
                       _cons |  -1.717966   .0913847   -18.80   0.000    -1.897076   -1.538855
-----------------------------+----------------------------------------------------------------
                    /lnsig2u |   .8688571   .0258258                      .8182394    .9194748
-----------------------------+----------------------------------------------------------------
                     sigma_u |    1.54408   .0199386                      1.505492    1.583658
                         rho |   .4201907    .006292                       .407911    .4325701
----------------------------------------------------------------------------------------------
LR test of rho=0: chibar2(01) = 9288.98                Prob >= chibar2 = 0.000

. 
. 
. 
. * Restricted Definition

. 
. 
. 
. replace Zombie = 1 if Restricted == "Zombie"
(0 real changes made)

. 
. replace Zombie = 0 if Restricted == "Healthy"
(21,893 real changes made)

. 
. 
. 
. xtset Company_ID Year
       panel variable:  Company_ID (unbalanced)
        time variable:  Year, 2002 to 2023, but with gaps
                delta:  1 unit

. 
. 
. 
. xtlogit Zombie Primary_Borrowing_from_banks Primary_Equity i.Year, re
note: 2002.Year != 0 predicts failure perfectly
      2002.Year dropped and 4658 obs not used

note: 2023.Year omitted because of collinearity

Fitting comparison model:

Iteration 0:   log likelihood = -15248.884  
Iteration 1:   log likelihood = -14543.368  
Iteration 2:   log likelihood = -14428.574  
Iteration 3:   log likelihood = -14425.898  
Iteration 4:   log likelihood = -14425.882  
Iteration 5:   log likelihood = -14425.882  

Fitting full model:

tau =  0.0     log likelihood = -14425.882
tau =  0.1     log likelihood = -14306.494
tau =  0.2     log likelihood = -14185.248
tau =  0.3     log likelihood = -14077.952
tau =  0.4     log likelihood = -14011.408
tau =  0.5     log likelihood = -14026.921

Iteration 0:   log likelihood = -14011.416  
Iteration 1:   log likelihood = -13923.986  
Iteration 2:   log likelihood = -13415.714  
Iteration 3:   log likelihood = -13403.909  
Iteration 4:   log likelihood = -13403.542  
Iteration 5:   log likelihood = -13403.541  
Iteration 6:   log likelihood =  -13403.54  

Random-effects logistic regression              Number of obs     =    260,330
Group variable: Company_ID                      Number of groups  =     23,637

Random effects u_i ~ Gaussian                   Obs per group:
                                                              min =          3
                                                              avg =       11.0
                                                              max =         21

Integration method: mvaghermite                 Integration pts.  =         12

                                                Wald chi2(22)     =    1285.99
Log likelihood  =  -13403.54                    Prob > chi2       =     0.0000

----------------------------------------------------------------------------------------------
                      Zombie |      Coef.   Std. Err.      z    P>|z|     [95% Conf. Interval]
-----------------------------+----------------------------------------------------------------
Primary_Borrowing_from_banks |   1.573607   .0578501    27.20   0.000     1.460223    1.686991
              Primary_Equity |  -1.306427   .2062652    -6.33   0.000      -1.7107   -.9021547
                             |
                        Year |
                       2002  |          0  (empty)
                       2003  |   1.439998   .1708021     8.43   0.000     1.105232    1.774764
                       2004  |   .9448561   .1798845     5.25   0.000      .592289    1.297423
                       2005  |   .1600151    .199758     0.80   0.423    -.2315033    .5515335
                       2006  |   .1244126   .1981914     0.63   0.530    -.2640354    .5128606
                       2007  |  -.0276858   .2027019    -0.14   0.891    -.4249741    .3696026
                       2008  |   .0954579   .1961244     0.49   0.626    -.2889389    .4798547
                       2009  |   .2287473   .1882788     1.21   0.224    -.1402723    .5977669
                       2010  |  -.0905144   .2022413    -0.45   0.654    -.4869001    .3058713
                       2011  |  -.0703007   .2019915    -0.35   0.728    -.4661967    .3255953
                       2012  |   .5587662   .1774257     3.15   0.002     .2110183    .9065141
                       2013  |   .9251512   .1645372     5.62   0.000     .6026642    1.247638
                       2014  |   .8026659   .1630753     4.92   0.000     .4830442    1.122288
                       2015  |   1.215687   .1539328     7.90   0.000     .9139838    1.517389
                       2016  |   1.224751   .1527944     8.02   0.000     .9252797    1.524223
                       2017  |    1.09484   .1544338     7.09   0.000     .7921557    1.397525
                       2018  |   .9566528   .1561091     6.13   0.000     .6506847    1.262621
                       2019  |   1.173801   .1531125     7.67   0.000     .8737063    1.473896
                       2020  |    1.68589   .1482839    11.37   0.000     1.395259    1.976521
                       2021  |   .8271023   .1602612     5.16   0.000     .5129961    1.141209
                       2022  |   .2599307   .1759525     1.48   0.140    -.0849298    .6047913
                       2023  |          0  (omitted)
                             |
                       _cons |  -7.210918   .1497556   -48.15   0.000    -7.504433   -6.917402
-----------------------------+----------------------------------------------------------------
                    /lnsig2u |   1.276557   .0481725                       1.18214    1.370973
-----------------------------+----------------------------------------------------------------
                     sigma_u |   1.893219   .0456005                       1.80592    1.984737
                         rho |   .5214142    .012021                      .4978233      .54491
----------------------------------------------------------------------------------------------
LR test of rho=0: chibar2(01) = 2044.68                Prob >= chibar2 = 0.000

. 
. 
. 
. xtlogit Zombie Primary_Borrowing_from_banks Primary_Equity NumberofBanks Promoterpledging i.Year, re
note: 2002.Year != 0 predicts failure perfectly
      2002.Year dropped and 4658 obs not used

note: 2023.Year omitted because of collinearity

Fitting comparison model:

Iteration 0:   log likelihood = -15248.884  
Iteration 1:   log likelihood =  -14369.03  
Iteration 2:   log likelihood = -14225.776  
Iteration 3:   log likelihood = -14222.574  
Iteration 4:   log likelihood = -14222.542  
Iteration 5:   log likelihood = -14222.542  

Fitting full model:

tau =  0.0     log likelihood = -14222.542
tau =  0.1     log likelihood = -14110.985
tau =  0.2     log likelihood = -14000.896
tau =  0.3     log likelihood =  -13906.63
tau =  0.4     log likelihood = -13851.821
tau =  0.5     log likelihood = -13874.581

Iteration 0:   log likelihood = -13851.823  
Iteration 1:   log likelihood =  -13685.59  
Iteration 2:   log likelihood = -13319.464  
Iteration 3:   log likelihood = -13310.235  
Iteration 4:   log likelihood = -13310.054  
Iteration 5:   log likelihood = -13310.054  (backed up)
Iteration 6:   log likelihood = -13310.054  

Random-effects logistic regression              Number of obs     =    260,330
Group variable: Company_ID                      Number of groups  =     23,637

Random effects u_i ~ Gaussian                   Obs per group:
                                                              min =          3
                                                              avg =       11.0
                                                              max =         21

Integration method: mvaghermite                 Integration pts.  =         12

                                                Wald chi2(24)     =    1477.75
Log likelihood  = -13310.054                    Prob > chi2       =     0.0000

----------------------------------------------------------------------------------------------
                      Zombie |      Coef.   Std. Err.      z    P>|z|     [95% Conf. Interval]
-----------------------------+----------------------------------------------------------------
Primary_Borrowing_from_banks |   1.552447   .0575219    26.99   0.000     1.439706    1.665188
              Primary_Equity |   -1.45352   .2061707    -7.05   0.000    -1.857607   -1.049433
               NumberofBanks |   .0963521   .0094325    10.21   0.000     .0778647    .1148394
            Promoterpledging |   .0160362   .0024044     6.67   0.000     .0113237    .0207487
                             |
                        Year |
                       2002  |          0  (empty)
                       2003  |   1.573132   .1705833     9.22   0.000     1.238795    1.907469
                       2004  |   1.082808    .179623     6.03   0.000     .7307531    1.434862
                       2005  |   .2273208   .1995681     1.14   0.255    -.1638256    .6184672
                       2006  |   .1832357   .1982449     0.92   0.355    -.2053172    .5717886
                       2007  |    .033633   .2027613     0.17   0.868    -.3637719    .4310379
                       2008  |    .151675   .1962691     0.77   0.440    -.2330054    .5363553
                       2009  |   .2998193   .1882738     1.59   0.111    -.0691905    .6688291
                       2010  |  -.0272611   .2022302    -0.13   0.893     -.423625    .3691029
                       2011  |  -.0218018   .2021623    -0.11   0.914    -.4180326    .3744291
                       2012  |   .6029539   .1775988     3.40   0.001     .2548667    .9510411
                       2013  |   .8978038   .1648286     5.45   0.000     .5747457    1.220862
                       2014  |   .7882154   .1632718     4.83   0.000     .4682085    1.108222
                       2015  |   1.206929   .1541737     7.83   0.000     .9047545    1.509104
                       2016  |   1.223437   .1530308     7.99   0.000     .9235021    1.523372
                       2017  |   1.108084   .1546679     7.16   0.000     .8049403    1.411227
                       2018  |    .975321   .1563881     6.24   0.000      .668806    1.281836
                       2019  |   1.190798   .1534331     7.76   0.000     .8900748    1.491522
                       2020  |   1.703257   .1485705    11.46   0.000     1.412064     1.99445
                       2021  |   .8287994   .1605508     5.16   0.000     .5141256    1.143473
                       2022  |   .2649548    .176193     1.50   0.133    -.0803771    .6102866
                       2023  |          0  (omitted)
                             |
                       _cons |  -7.268906   .1495586   -48.60   0.000    -7.562036   -6.975777
-----------------------------+----------------------------------------------------------------
                    /lnsig2u |   1.200528   .0484321                      1.105603    1.295453
-----------------------------+----------------------------------------------------------------
                     sigma_u |     1.8226   .0441361                      1.738115    1.911191
                         rho |   .5024201   .0121077                      .4787017    .5261276
----------------------------------------------------------------------------------------------
LR test of rho=0: chibar2(01) = 1824.97                Prob >= chibar2 = 0.000

. 
. 
. 
. xtlogit Zombie Primary_Borrowing_from_banks Primary_Equity NumberofBanks Promoterpledging currentratio Log_TA EDR AssetDisposal ROA c
> ashflow Age i.Year, re 
note: 2002.Year != 0 predicts failure perfectly
      2002.Year dropped and 3389 obs not used

note: 2023.Year omitted because of collinearity

Fitting comparison model:

Iteration 0:   log likelihood =  -12603.07  
Iteration 1:   log likelihood = -10757.343  
Iteration 2:   log likelihood = -10229.709  
Iteration 3:   log likelihood = -10165.909  
Iteration 4:   log likelihood = -10075.178  
Iteration 5:   log likelihood = -10050.877  
Iteration 6:   log likelihood =  -10050.73  
Iteration 7:   log likelihood =  -10050.73  

Fitting full model:

tau =  0.0     log likelihood =  -10050.73
tau =  0.1     log likelihood = -9976.1607
tau =  0.2     log likelihood = -9908.6925
tau =  0.3     log likelihood = -9857.8441
tau =  0.4     log likelihood = -9838.2535
tau =  0.5     log likelihood = -9874.1254

Iteration 0:   log likelihood = -9838.2505  
Iteration 1:   log likelihood = -9643.3814  
Iteration 2:   log likelihood = -9587.4606  
Iteration 3:   log likelihood = -9585.7136  
Iteration 4:   log likelihood = -9585.7021  
Iteration 5:   log likelihood = -9585.7021  
Iteration 6:   log likelihood = -9585.7021  

Random-effects logistic regression              Number of obs     =    204,404
Group variable: Company_ID                      Number of groups  =     23,094

Random effects u_i ~ Gaussian                   Obs per group:
                                                              min =          1
                                                              avg =        8.9
                                                              max =         21

Integration method: mvaghermite                 Integration pts.  =         12

                                                Wald chi2(31)     =    3176.49
Log likelihood  = -9585.7021                    Prob > chi2       =     0.0000

----------------------------------------------------------------------------------------------
                      Zombie |      Coef.   Std. Err.      z    P>|z|     [95% Conf. Interval]
-----------------------------+----------------------------------------------------------------
Primary_Borrowing_from_banks |   1.011054   .0660362    15.31   0.000     .8816252    1.140482
              Primary_Equity |  -1.188389   .2133936    -5.57   0.000    -1.606633   -.7701455
               NumberofBanks |   .0697946   .0104589     6.67   0.000     .0492955    .0902936
            Promoterpledging |   .0092071   .0025626     3.59   0.000     .0041845    .0142297
                currentratio |   -.212267   .0261842    -8.11   0.000    -.2635871   -.1609469
                      Log_TA |   .0915383   .0165178     5.54   0.000     .0591639    .1239127
                         EDR |    -.91289   .0525504   -17.37   0.000    -1.015887    -.809893
               AssetDisposal |  -.0811171   .0376068    -2.16   0.031    -.1548251   -.0074091
                         ROA |  -.0731772   .0019936   -36.71   0.000    -.0770846   -.0692699
                    cashflow |  -.0099596   .0051932    -1.92   0.055    -.0201381    .0002188
                         Age |   .4578148   .0408886    11.20   0.000     .3776747    .5379549
                             |
                        Year |
                       2002  |          0  (empty)
                       2003  |    1.82735   .1906049     9.59   0.000     1.453771    2.200929
                       2004  |   1.234231     .20612     5.99   0.000     .8302431    1.638219
                       2005  |    .381784   .2337977     1.63   0.102    -.0764511    .8400191
                       2006  |   .4385548   .2339452     1.87   0.061    -.0199693    .8970789
                       2007  |   .4599019   .2342768     1.96   0.050     .0007277     .919076
                       2008  |   .4458529   .2288346     1.95   0.051    -.0026547    .8943605
                       2009  |   .5847181   .2155534     2.71   0.007     .1622411    1.007195
                       2010  |   .2994517   .2315686     1.29   0.196    -.1544144    .7533179
                       2011  |   .2239995    .230254     0.97   0.331      -.22729     .675289
                       2012  |   .7837279   .1993397     3.93   0.000     .3930293    1.174427
                       2013  |   1.127273   .1806122     6.24   0.000     .7732799    1.481267
                       2014  |   .9864664   .1776592     5.55   0.000     .6382608    1.334672
                       2015  |   1.277575    .168162     7.60   0.000     .9479836    1.607167
                       2016  |   1.235283   .1668351     7.40   0.000     .9082924    1.562274
                       2017  |   1.040406   .1691477     6.15   0.000     .7088826    1.371929
                       2018  |   .8710668   .1707034     5.10   0.000     .5364944    1.205639
                       2019  |   1.094969   .1676338     6.53   0.000     .7664123    1.423525
                       2020  |   1.686651   .1607319    10.49   0.000     1.371622     2.00168
                       2021  |   .7000433   .1759347     3.98   0.000     .3552177    1.044869
                       2022  |   .2900342   .1890604     1.53   0.125    -.0805174    .6605857
                       2023  |          0  (omitted)
                             |
                       _cons |  -8.331542   .2500941   -33.31   0.000    -8.821717   -7.841366
-----------------------------+----------------------------------------------------------------
                    /lnsig2u |   .8352014   .0593388                      .7188995    .9515034
-----------------------------+----------------------------------------------------------------
                     sigma_u |   1.518314   .0450475                      1.432541    1.609223
                         rho |   .4120139   .0143753                      .3841553     .440448
----------------------------------------------------------------------------------------------
LR test of rho=0: chibar2(01) = 930.06                 Prob >= chibar2 = 0.000

. 
. 
. 
. log close
      name:  <unnamed>
       log:  C:\Users\Lenovo\Desktop\Dissertation\data\non-financial companies\logit_output.log
  log type:  text
 closed on:   4 May 2025, 18:46:51
---------------------------------------------------------------------------------------------------------------------------------------
